// Jest Snapshot v1, https://goo.gl/fbAQLP

exports[`<Item /> renders and matches the snapshot 1`] = `
<ItemStyles__Item>
  <img
    alt="💎 💎 🙌🏻 🙌🏻"
    src="diamond.jpg"
  />
  <Title>
    <Link
      href={
        Object {
          "pathname": "/item",
          "query": Object {
            "id": 123,
          },
        }
      }
    >
      <a>
        💎 💎 🙌🏻 🙌🏻
      </a>
    </Link>
  </Title>
  <PriceTag>
    $694.20
  </PriceTag>
  <p>
    Squeeze tight
  </p>
  <div
    className="buttonList"
  >
    <Link
      href={
        Object {
          "pathname": "update",
          "query": Object {
            "id": 123,
          },
        }
      }
    >
      <a>
        Edit ✏️
      </a>
    </Link>
    <AddToCart
      id={123}
    />
    <DeleteItem
      id={123}
    >
      Delete Item
    </DeleteItem>
  </div>
</ItemStyles__Item>
`;
